// Jest Snapshot v1, https://goo.gl/fbAQLP

exports[`TableYear decade=2010 1`] = `
<div
  class="mx-calendar mx-calendar-panel-year"
>
  <div
    class="mx-calendar-header"
  >
    <button
      class="mx-btn mx-btn-text mx-btn-icon-double-left"
      type="button"
    >
      <i
        class="mx-icon-double-left"
      />
    </button>
     
    <button
      class="mx-btn mx-btn-text mx-btn-icon-double-right"
      type="button"
    >
      <i
        class="mx-icon-double-right"
      />
    </button>
     
    <span
      class="mx-calendar-header-label"
    >
      <span>
        2010
      </span>
       
      <span
        class="mx-calendar-decade-separator"
      />
       
      <span>
        2019
      </span>
    </span>
  </div>
   
  <div
    class="mx-calendar-content"
  >
    <table
      class="mx-table mx-table-year"
    >
      <tr>
        <td
          aria-hidden="false"
          class="cell"
          data-year="2010"
          role="button"
          tabindex="0"
        >
          <div>
            2010
          </div>
        </td>
        <td
          aria-hidden="false"
          class="cell"
          data-year="2011"
          role="button"
          tabindex="0"
        >
          <div>
            2011
          </div>
        </td>
      </tr>
      <tr>
        <td
          aria-hidden="false"
          class="cell"
          data-year="2012"
          role="button"
          tabindex="0"
        >
          <div>
            2012
          </div>
        </td>
        <td
          aria-hidden="false"
          class="cell"
          data-year="2013"
          role="button"
          tabindex="0"
        >
          <div>
            2013
          </div>
        </td>
      </tr>
      <tr>
        <td
          aria-hidden="false"
          class="cell"
          data-year="2014"
          role="button"
          tabindex="0"
        >
          <div>
            2014
          </div>
        </td>
        <td
          aria-hidden="false"
          class="cell"
          data-year="2015"
          role="button"
          tabindex="0"
        >
          <div>
            2015
          </div>
        </td>
      </tr>
      <tr>
        <td
          aria-hidden="false"
          class="cell"
          data-year="2016"
          role="button"
          tabindex="0"
        >
          <div>
            2016
          </div>
        </td>
        <td
          aria-hidden="false"
          class="cell"
          data-year="2017"
          role="button"
          tabindex="0"
        >
          <div>
            2017
          </div>
        </td>
      </tr>
      <tr>
        <td
          aria-hidden="false"
          class="cell"
          data-year="2018"
          role="button"
          tabindex="0"
        >
          <div>
            2018
          </div>
        </td>
        <td
          aria-hidden="false"
          class="cell"
          data-year="2019"
          role="button"
          tabindex="0"
        >
          <div>
            2019
          </div>
        </td>
      </tr>
    </table>
  </div>
</div>
`;
