// Jest Snapshot v1, https://goo.gl/fbAQLP

exports[`TimePanel render: correct 12hours in the fixed time list 1`] = `
<div
  class="mx-time"
>
  <!---->
   
  <div
    class="mx-time-content"
  >
    <div
      class="mx-scrollbar"
      style="position: relative; overflow: hidden;"
    >
      <div
        class="mx-scrollbar-wrap"
        style="overflow: hidden scroll; height: 100%; margin-right: -0px;"
      >
        <ul
          class="mx-time-list"
        >
          <li
            class="cell"
          >
            
      08:30 AM
    
          </li>
          <li
            class="cell"
          >
            
      09:00 AM
    
          </li>
          <li
            class="cell"
          >
            
      09:30 AM
    
          </li>
          <li
            class="cell"
          >
            
      10:00 AM
    
          </li>
          <li
            class="cell"
          >
            
      10:30 AM
    
          </li>
          <li
            class="cell"
          >
            
      11:00 AM
    
          </li>
          <li
            class="cell"
          >
            
      11:30 AM
    
          </li>
          <li
            class="cell"
          >
            
      12:00 PM
    
          </li>
          <li
            class="cell"
          >
            
      12:30 PM
    
          </li>
          <li
            class="cell"
          >
            
      01:00 PM
    
          </li>
          <li
            class="cell"
          >
            
      01:30 PM
    
          </li>
          <li
            class="cell"
          >
            
      02:00 PM
    
          </li>
          <li
            class="cell"
          >
            
      02:30 PM
    
          </li>
          <li
            class="cell"
          >
            
      03:00 PM
    
          </li>
          <li
            class="cell"
          >
            
      03:30 PM
    
          </li>
          <li
            class="cell"
          >
            
      04:00 PM
    
          </li>
          <li
            class="cell"
          >
            
      04:30 PM
    
          </li>
          <li
            class="cell"
          >
            
      05:00 PM
    
          </li>
          <li
            class="cell"
          >
            
      05:30 PM
    
          </li>
          <li
            class="cell"
          >
            
      06:00 PM
    
          </li>
          <li
            class="cell"
          >
            
      06:30 PM
    
          </li>
        </ul>
      </div>
       
      <div
        class="mx-scrollbar-track"
      >
        <div
          class="mx-scrollbar-thumb"
        />
      </div>
    </div>
  </div>
</div>
`;

exports[`TimePanel render: correct classes of the columns 1`] = `
<div
  class="mx-time"
>
  <!---->
   
  <div
    class="mx-time-content"
  >
    <div
      class="mx-time-columns"
    >
      <div
        class="mx-scrollbar mx-time-column"
        style="position: relative; overflow: hidden;"
      >
        <div
          class="mx-scrollbar-wrap"
          style="overflow: hidden scroll; height: 100%; margin-right: -0px;"
        >
          <ul
            data-type="hour"
          >
            <li
              class="cell disabled"
              data-value="1570120230000"
            >
              
        00
      
            </li>
            <li
              class="cell disabled"
              data-value="1570123830000"
            >
              
        01
      
            </li>
            <li
              class="cell disabled"
              data-value="1570127430000"
            >
              
        02
      
            </li>
            <li
              class="cell disabled"
              data-value="1570131030000"
            >
              
        03
      
            </li>
            <li
              class="cell disabled"
              data-value="1570134630000"
            >
              
        04
      
            </li>
            <li
              class="cell disabled"
              data-value="1570138230000"
            >
              
        05
      
            </li>
            <li
              class="cell disabled"
              data-value="1570141830000"
            >
              
        06
      
            </li>
            <li
              class="cell disabled"
              data-value="1570145430000"
            >
              
        07
      
            </li>
            <li
              class="cell disabled"
              data-value="1570149030000"
            >
              
        08
      
            </li>
            <li
              class="cell disabled"
              data-value="1570152630000"
            >
              
        09
      
            </li>
            <li
              class="cell"
              data-value="1570156230000"
            >
              
        10
      
            </li>
            <li
              class="cell"
              data-value="1570159830000"
            >
              
        11
      
            </li>
            <li
              class="cell"
              data-value="1570163430000"
            >
              
        12
      
            </li>
            <li
              class="cell"
              data-value="1570167030000"
            >
              
        13
      
            </li>
            <li
              class="cell"
              data-value="1570170630000"
            >
              
        14
      
            </li>
            <li
              class="cell"
              data-value="1570174230000"
            >
              
        15
      
            </li>
            <li
              class="cell"
              data-value="1570177830000"
            >
              
        16
      
            </li>
            <li
              class="cell"
              data-value="1570181430000"
            >
              
        17
      
            </li>
            <li
              class="cell"
              data-value="1570185030000"
            >
              
        18
      
            </li>
            <li
              class="cell"
              data-value="1570188630000"
            >
              
        19
      
            </li>
            <li
              class="cell active"
              data-value="1570192230000"
            >
              
        20
      
            </li>
            <li
              class="cell"
              data-value="1570195830000"
            >
              
        21
      
            </li>
            <li
              class="cell"
              data-value="1570199430000"
            >
              
        22
      
            </li>
            <li
              class="cell"
              data-value="1570203030000"
            >
              
        23
      
            </li>
          </ul>
        </div>
         
        <div
          class="mx-scrollbar-track"
        >
          <div
            class="mx-scrollbar-thumb"
          />
        </div>
      </div>
      <div
        class="mx-scrollbar mx-time-column"
        style="position: relative; overflow: hidden;"
      >
        <div
          class="mx-scrollbar-wrap"
          style="overflow: hidden scroll; height: 100%; margin-right: -0px;"
        >
          <ul
            data-type="minute"
          >
            <li
              class="cell"
              data-value="1570190430000"
            >
              
        00
      
            </li>
            <li
              class="cell"
              data-value="1570190490000"
            >
              
        01
      
            </li>
            <li
              class="cell"
              data-value="1570190550000"
            >
              
        02
      
            </li>
            <li
              class="cell"
              data-value="1570190610000"
            >
              
        03
      
            </li>
            <li
              class="cell"
              data-value="1570190670000"
            >
              
        04
      
            </li>
            <li
              class="cell"
              data-value="1570190730000"
            >
              
        05
      
            </li>
            <li
              class="cell"
              data-value="1570190790000"
            >
              
        06
      
            </li>
            <li
              class="cell"
              data-value="1570190850000"
            >
              
        07
      
            </li>
            <li
              class="cell"
              data-value="1570190910000"
            >
              
        08
      
            </li>
            <li
              class="cell"
              data-value="1570190970000"
            >
              
        09
      
            </li>
            <li
              class="cell"
              data-value="1570191030000"
            >
              
        10
      
            </li>
            <li
              class="cell"
              data-value="1570191090000"
            >
              
        11
      
            </li>
            <li
              class="cell"
              data-value="1570191150000"
            >
              
        12
      
            </li>
            <li
              class="cell"
              data-value="1570191210000"
            >
              
        13
      
            </li>
            <li
              class="cell"
              data-value="1570191270000"
            >
              
        14
      
            </li>
            <li
              class="cell"
              data-value="1570191330000"
            >
              
        15
      
            </li>
            <li
              class="cell"
              data-value="1570191390000"
            >
              
        16
      
            </li>
            <li
              class="cell"
              data-value="1570191450000"
            >
              
        17
      
            </li>
            <li
              class="cell"
              data-value="1570191510000"
            >
              
        18
      
            </li>
            <li
              class="cell"
              data-value="1570191570000"
            >
              
        19
      
            </li>
            <li
              class="cell"
              data-value="1570191630000"
            >
              
        20
      
            </li>
            <li
              class="cell"
              data-value="1570191690000"
            >
              
        21
      
            </li>
            <li
              class="cell"
              data-value="1570191750000"
            >
              
        22
      
            </li>
            <li
              class="cell"
              data-value="1570191810000"
            >
              
        23
      
            </li>
            <li
              class="cell"
              data-value="1570191870000"
            >
              
        24
      
            </li>
            <li
              class="cell"
              data-value="1570191930000"
            >
              
        25
      
            </li>
            <li
              class="cell"
              data-value="1570191990000"
            >
              
        26
      
            </li>
            <li
              class="cell"
              data-value="1570192050000"
            >
              
        27
      
            </li>
            <li
              class="cell"
              data-value="1570192110000"
            >
              
        28
      
            </li>
            <li
              class="cell"
              data-value="1570192170000"
            >
              
        29
      
            </li>
            <li
              class="cell active"
              data-value="1570192230000"
            >
              
        30
      
            </li>
            <li
              class="cell"
              data-value="1570192290000"
            >
              
        31
      
            </li>
            <li
              class="cell"
              data-value="1570192350000"
            >
              
        32
      
            </li>
            <li
              class="cell"
              data-value="1570192410000"
            >
              
        33
      
            </li>
            <li
              class="cell"
              data-value="1570192470000"
            >
              
        34
      
            </li>
            <li
              class="cell"
              data-value="1570192530000"
            >
              
        35
      
            </li>
            <li
              class="cell"
              data-value="1570192590000"
            >
              
        36
      
            </li>
            <li
              class="cell"
              data-value="1570192650000"
            >
              
        37
      
            </li>
            <li
              class="cell"
              data-value="1570192710000"
            >
              
        38
      
            </li>
            <li
              class="cell"
              data-value="1570192770000"
            >
              
        39
      
            </li>
            <li
              class="cell"
              data-value="1570192830000"
            >
              
        40
      
            </li>
            <li
              class="cell"
              data-value="1570192890000"
            >
              
        41
      
            </li>
            <li
              class="cell"
              data-value="1570192950000"
            >
              
        42
      
            </li>
            <li
              class="cell"
              data-value="1570193010000"
            >
              
        43
      
            </li>
            <li
              class="cell"
              data-value="1570193070000"
            >
              
        44
      
            </li>
            <li
              class="cell"
              data-value="1570193130000"
            >
              
        45
      
            </li>
            <li
              class="cell"
              data-value="1570193190000"
            >
              
        46
      
            </li>
            <li
              class="cell"
              data-value="1570193250000"
            >
              
        47
      
            </li>
            <li
              class="cell"
              data-value="1570193310000"
            >
              
        48
      
            </li>
            <li
              class="cell"
              data-value="1570193370000"
            >
              
        49
      
            </li>
            <li
              class="cell"
              data-value="1570193430000"
            >
              
        50
      
            </li>
            <li
              class="cell"
              data-value="1570193490000"
            >
              
        51
      
            </li>
            <li
              class="cell"
              data-value="1570193550000"
            >
              
        52
      
            </li>
            <li
              class="cell"
              data-value="1570193610000"
            >
              
        53
      
            </li>
            <li
              class="cell"
              data-value="1570193670000"
            >
              
        54
      
            </li>
            <li
              class="cell"
              data-value="1570193730000"
            >
              
        55
      
            </li>
            <li
              class="cell"
              data-value="1570193790000"
            >
              
        56
      
            </li>
            <li
              class="cell"
              data-value="1570193850000"
            >
              
        57
      
            </li>
            <li
              class="cell"
              data-value="1570193910000"
            >
              
        58
      
            </li>
            <li
              class="cell"
              data-value="1570193970000"
            >
              
        59
      
            </li>
          </ul>
        </div>
         
        <div
          class="mx-scrollbar-track"
        >
          <div
            class="mx-scrollbar-thumb"
          />
        </div>
      </div>
      <div
        class="mx-scrollbar mx-time-column"
        style="position: relative; overflow: hidden;"
      >
        <div
          class="mx-scrollbar-wrap"
          style="overflow: hidden scroll; height: 100%; margin-right: -0px;"
        >
          <ul
            data-type="second"
          >
            <li
              class="cell"
              data-value="1570192200000"
            >
              
        00
      
            </li>
            <li
              class="cell"
              data-value="1570192201000"
            >
              
        01
      
            </li>
            <li
              class="cell"
              data-value="1570192202000"
            >
              
        02
      
            </li>
            <li
              class="cell"
              data-value="1570192203000"
            >
              
        03
      
            </li>
            <li
              class="cell"
              data-value="1570192204000"
            >
              
        04
      
            </li>
            <li
              class="cell"
              data-value="1570192205000"
            >
              
        05
      
            </li>
            <li
              class="cell"
              data-value="1570192206000"
            >
              
        06
      
            </li>
            <li
              class="cell"
              data-value="1570192207000"
            >
              
        07
      
            </li>
            <li
              class="cell"
              data-value="1570192208000"
            >
              
        08
      
            </li>
            <li
              class="cell"
              data-value="1570192209000"
            >
              
        09
      
            </li>
            <li
              class="cell"
              data-value="1570192210000"
            >
              
        10
      
            </li>
            <li
              class="cell"
              data-value="1570192211000"
            >
              
        11
      
            </li>
            <li
              class="cell"
              data-value="1570192212000"
            >
              
        12
      
            </li>
            <li
              class="cell"
              data-value="1570192213000"
            >
              
        13
      
            </li>
            <li
              class="cell"
              data-value="1570192214000"
            >
              
        14
      
            </li>
            <li
              class="cell"
              data-value="1570192215000"
            >
              
        15
      
            </li>
            <li
              class="cell"
              data-value="1570192216000"
            >
              
        16
      
            </li>
            <li
              class="cell"
              data-value="1570192217000"
            >
              
        17
      
            </li>
            <li
              class="cell"
              data-value="1570192218000"
            >
              
        18
      
            </li>
            <li
              class="cell"
              data-value="1570192219000"
            >
              
        19
      
            </li>
            <li
              class="cell"
              data-value="1570192220000"
            >
              
        20
      
            </li>
            <li
              class="cell"
              data-value="1570192221000"
            >
              
        21
      
            </li>
            <li
              class="cell"
              data-value="1570192222000"
            >
              
        22
      
            </li>
            <li
              class="cell"
              data-value="1570192223000"
            >
              
        23
      
            </li>
            <li
              class="cell"
              data-value="1570192224000"
            >
              
        24
      
            </li>
            <li
              class="cell"
              data-value="1570192225000"
            >
              
        25
      
            </li>
            <li
              class="cell"
              data-value="1570192226000"
            >
              
        26
      
            </li>
            <li
              class="cell"
              data-value="1570192227000"
            >
              
        27
      
            </li>
            <li
              class="cell"
              data-value="1570192228000"
            >
              
        28
      
            </li>
            <li
              class="cell"
              data-value="1570192229000"
            >
              
        29
      
            </li>
            <li
              class="cell active"
              data-value="1570192230000"
            >
              
        30
      
            </li>
            <li
              class="cell"
              data-value="1570192231000"
            >
              
        31
      
            </li>
            <li
              class="cell"
              data-value="1570192232000"
            >
              
        32
      
            </li>
            <li
              class="cell"
              data-value="1570192233000"
            >
              
        33
      
            </li>
            <li
              class="cell"
              data-value="1570192234000"
            >
              
        34
      
            </li>
            <li
              class="cell"
              data-value="1570192235000"
            >
              
        35
      
            </li>
            <li
              class="cell"
              data-value="1570192236000"
            >
              
        36
      
            </li>
            <li
              class="cell"
              data-value="1570192237000"
            >
              
        37
      
            </li>
            <li
              class="cell"
              data-value="1570192238000"
            >
              
        38
      
            </li>
            <li
              class="cell"
              data-value="1570192239000"
            >
              
        39
      
            </li>
            <li
              class="cell"
              data-value="1570192240000"
            >
              
        40
      
            </li>
            <li
              class="cell"
              data-value="1570192241000"
            >
              
        41
      
            </li>
            <li
              class="cell"
              data-value="1570192242000"
            >
              
        42
      
            </li>
            <li
              class="cell"
              data-value="1570192243000"
            >
              
        43
      
            </li>
            <li
              class="cell"
              data-value="1570192244000"
            >
              
        44
      
            </li>
            <li
              class="cell"
              data-value="1570192245000"
            >
              
        45
      
            </li>
            <li
              class="cell"
              data-value="1570192246000"
            >
              
        46
      
            </li>
            <li
              class="cell"
              data-value="1570192247000"
            >
              
        47
      
            </li>
            <li
              class="cell"
              data-value="1570192248000"
            >
              
        48
      
            </li>
            <li
              class="cell"
              data-value="1570192249000"
            >
              
        49
      
            </li>
            <li
              class="cell"
              data-value="1570192250000"
            >
              
        50
      
            </li>
            <li
              class="cell"
              data-value="1570192251000"
            >
              
        51
      
            </li>
            <li
              class="cell"
              data-value="1570192252000"
            >
              
        52
      
            </li>
            <li
              class="cell"
              data-value="1570192253000"
            >
              
        53
      
            </li>
            <li
              class="cell"
              data-value="1570192254000"
            >
              
        54
      
            </li>
            <li
              class="cell"
              data-value="1570192255000"
            >
              
        55
      
            </li>
            <li
              class="cell"
              data-value="1570192256000"
            >
              
        56
      
            </li>
            <li
              class="cell"
              data-value="1570192257000"
            >
              
        57
      
            </li>
            <li
              class="cell"
              data-value="1570192258000"
            >
              
        58
      
            </li>
            <li
              class="cell"
              data-value="1570192259000"
            >
              
        59
      
            </li>
          </ul>
        </div>
         
        <div
          class="mx-scrollbar-track"
        >
          <div
            class="mx-scrollbar-thumb"
          />
        </div>
      </div>
    </div>
  </div>
</div>
`;

exports[`TimePanel render: correct classes of the fixed time list 1`] = `
<div
  class="mx-time"
>
  <!---->
   
  <div
    class="mx-time-content"
  >
    <div
      class="mx-scrollbar"
      style="position: relative; overflow: hidden;"
    >
      <div
        class="mx-scrollbar-wrap"
        style="overflow: hidden scroll; height: 100%; margin-right: -0px;"
      >
        <ul
          class="mx-time-list"
        >
          <li
            class="cell disabled"
          >
            
      08:30
    
          </li>
          <li
            class="cell disabled"
          >
            
      09:00
    
          </li>
          <li
            class="cell disabled"
          >
            
      09:30
    
          </li>
          <li
            class="cell"
          >
            
      10:00
    
          </li>
          <li
            class="cell"
          >
            
      10:30
    
          </li>
          <li
            class="cell"
          >
            
      11:00
    
          </li>
          <li
            class="cell"
          >
            
      11:30
    
          </li>
          <li
            class="cell"
          >
            
      12:00
    
          </li>
          <li
            class="cell"
          >
            
      12:30
    
          </li>
          <li
            class="cell"
          >
            
      13:00
    
          </li>
          <li
            class="cell"
          >
            
      13:30
    
          </li>
          <li
            class="cell"
          >
            
      14:00
    
          </li>
          <li
            class="cell"
          >
            
      14:30
    
          </li>
          <li
            class="cell"
          >
            
      15:00
    
          </li>
          <li
            class="cell"
          >
            
      15:30
    
          </li>
          <li
            class="cell"
          >
            
      16:00
    
          </li>
          <li
            class="cell"
          >
            
      16:30
    
          </li>
          <li
            class="cell"
          >
            
      17:00
    
          </li>
          <li
            class="cell"
          >
            
      17:30
    
          </li>
          <li
            class="cell"
          >
            
      18:00
    
          </li>
          <li
            class="cell"
          >
            
      18:30
    
          </li>
        </ul>
      </div>
       
      <div
        class="mx-scrollbar-track"
      >
        <div
          class="mx-scrollbar-thumb"
        />
      </div>
    </div>
  </div>
</div>
`;

exports[`TimePanel render: correct columns by format 1`] = `
<div
  class="mx-time"
>
  <!---->
   
  <div
    class="mx-time-content"
  >
    <div
      class="mx-time-columns"
    >
      <div
        class="mx-scrollbar mx-time-column"
        style="position: relative; overflow: hidden;"
      >
        <div
          class="mx-scrollbar-wrap"
          style="overflow: hidden scroll; height: 100%; margin-right: -0px;"
        >
          <ul
            data-type="hour"
          >
            <li
              class="cell active"
              data-value="1570147200000"
            >
              
        08
      
            </li>
            <li
              class="cell"
              data-value="1570150800000"
            >
              
        09
      
            </li>
            <li
              class="cell"
              data-value="1570154400000"
            >
              
        10
      
            </li>
            <li
              class="cell"
              data-value="1570158000000"
            >
              
        11
      
            </li>
          </ul>
        </div>
         
        <div
          class="mx-scrollbar-track"
        >
          <div
            class="mx-scrollbar-thumb"
          />
        </div>
      </div>
      <div
        class="mx-scrollbar mx-time-column"
        style="position: relative; overflow: hidden;"
      >
        <div
          class="mx-scrollbar-wrap"
          style="overflow: hidden scroll; height: 100%; margin-right: -0px;"
        >
          <ul
            data-type="minute"
          >
            <li
              class="cell active"
              data-value="1570147200000"
            >
              
        00
      
            </li>
            <li
              class="cell"
              data-value="1570149000000"
            >
              
        30
      
            </li>
          </ul>
        </div>
         
        <div
          class="mx-scrollbar-track"
        >
          <div
            class="mx-scrollbar-thumb"
          />
        </div>
      </div>
      <div
        class="mx-scrollbar mx-time-column"
        style="position: relative; overflow: hidden;"
      >
        <div
          class="mx-scrollbar-wrap"
          style="overflow: hidden scroll; height: 100%; margin-right: -0px;"
        >
          <ul
            data-type="ampm"
          >
            <li
              class="cell active"
              data-value="1570147200000"
            >
              
        AM
      
            </li>
            <li
              class="cell"
              data-value="1570190400000"
            >
              
        PM
      
            </li>
          </ul>
        </div>
         
        <div
          class="mx-scrollbar-track"
        >
          <div
            class="mx-scrollbar-thumb"
          />
        </div>
      </div>
    </div>
  </div>
</div>
`;
